current directory: /Users/welldev/my-app/vendor/bundle/ruby/3.4.0/gems/date-3.5.0/ext/date
/Users/welldev/.local/share/mise/installs/ruby/3.4.5/bin/ruby extconf.rb
checking for rb_category_warn()... yes
checking for timezone in time.h with -Werror... yes
checking for altzone in time.h with -Werror... no
creating Makefile

current directory: /Users/welldev/my-app/vendor/bundle/ruby/3.4.0/gems/date-3.5.0/ext/date
make DESTDIR\= sitearchdir\=./.gem.20251124-5377-kcfzuu sitelibdir\=./.gem.20251124-5377-kcfzuu clean

current directory: /Users/welldev/my-app/vendor/bundle/ruby/3.4.0/gems/date-3.5.0/ext/date
make DESTDIR\= sitearchdir\=./.gem.20251124-5377-kcfzuu sitelibdir\=./.gem.20251124-5377-kcfzuu
compiling date_core.c
compiling date_parse.c
compiling date_strftime.c
compiling date_strptime.c
linking shared-object date_core.bundle

current directory: /Users/welldev/my-app/vendor/bundle/ruby/3.4.0/gems/date-3.5.0/ext/date
make DESTDIR\= sitearchdir\=./.gem.20251124-5377-kcfzuu sitelibdir\=./.gem.20251124-5377-kcfzuu install
/usr/bin/install -c -m 0755 date_core.bundle ./.gem.20251124-5377-kcfzuu

current directory: /Users/welldev/my-app/vendor/bundle/ruby/3.4.0/gems/date-3.5.0/ext/date
make DESTDIR\= sitearchdir\=./.gem.20251124-5377-kcfzuu sitelibdir\=./.gem.20251124-5377-kcfzuu clean
