current directory: /Users/welldev/my-app/vendor/bundle/ruby/3.4.0/gems/json-2.16.0/ext/json/ext/parser
/Users/welldev/.local/share/mise/installs/ruby/3.4.5/bin/ruby extconf.rb
checking for rb_enc_interned_str() in ruby/encoding.h... yes
checking for rb_str_to_interned_str() in ruby.h... yes
checking for rb_hash_new_capa() in ruby.h... yes
checking for rb_hash_bulk_insert() in ruby.h... yes
checking for strnlen() in string.h... yes
checking for whether -std=c99 is accepted as CFLAGS... yes
checking for x86intrin.h... yes
checking for cpuid.h... yes
creating Makefile

current directory: /Users/welldev/my-app/vendor/bundle/ruby/3.4.0/gems/json-2.16.0/ext/json/ext/parser
make DESTDIR\= sitearchdir\=./.gem.20251124-5377-m2h5jo sitelibdir\=./.gem.20251124-5377-m2h5jo clean

current directory: /Users/welldev/my-app/vendor/bundle/ruby/3.4.0/gems/json-2.16.0/ext/json/ext/parser
make DESTDIR\= sitearchdir\=./.gem.20251124-5377-m2h5jo sitelibdir\=./.gem.20251124-5377-m2h5jo
compiling parser.c
linking shared-object json/ext/parser.bundle

current directory: /Users/welldev/my-app/vendor/bundle/ruby/3.4.0/gems/json-2.16.0/ext/json/ext/parser
make DESTDIR\= sitearchdir\=./.gem.20251124-5377-m2h5jo sitelibdir\=./.gem.20251124-5377-m2h5jo install
/usr/bin/install -c -m 0755 parser.bundle ./.gem.20251124-5377-m2h5jo/json/ext

current directory: /Users/welldev/my-app/vendor/bundle/ruby/3.4.0/gems/json-2.16.0/ext/json/ext/parser
make DESTDIR\= sitearchdir\=./.gem.20251124-5377-m2h5jo sitelibdir\=./.gem.20251124-5377-m2h5jo clean
