current directory: /Users/welldev/my-app/vendor/bundle/ruby/3.4.0/gems/bcrypt-3.1.20/ext/mri
/Users/welldev/.local/share/mise/installs/ruby/3.4.5/bin/ruby extconf.rb
creating Makefile

current directory: /Users/welldev/my-app/vendor/bundle/ruby/3.4.0/gems/bcrypt-3.1.20/ext/mri
make DESTDIR\= sitearchdir\=./.gem.20251116-12660-tntel5 sitelibdir\=./.gem.20251116-12660-tntel5 clean

current directory: /Users/welldev/my-app/vendor/bundle/ruby/3.4.0/gems/bcrypt-3.1.20/ext/mri
make DESTDIR\= sitearchdir\=./.gem.20251116-12660-tntel5 sitelibdir\=./.gem.20251116-12660-tntel5
compiling bcrypt_ext.c
bcrypt_ext.c:41:38: warning: implicit conversion loses integer precision: 'long' to 'int' [-Wshorten-64-to-32]
    args.size   = NIL_P(input) ? 0 : RSTRING_LEN(input);
                ~                    ^~~~~~~~~~~~~~~~~~
/Users/welldev/.local/share/mise/installs/ruby/3.4.5/include/ruby-3.4.0/ruby/internal/core/rstring.h:46:27: note: expanded from macro 'RSTRING_LEN'
#define RSTRING_LEN       RSTRING_LEN
                          ^
1 warning generated.
compiling crypt_blowfish.c
clang  -D__SKIP_GNU -D_XOPEN_SOURCE -D_DARWIN_C_SOURCE -D_DARWIN_UNLIMITED_SELECT -D_REENTRANT    -c -o x86.o x86.S
compiling crypt_gensalt.c
compiling wrapper.c
wrapper.c:182:60: warning: declaration of 'struct crypt_data' will not be visible outside of this function [-Wvisibility]
char *crypt_r(const char *key, const char *setting, struct crypt_data *data)
                                                           ^
1 warning generated.
linking shared-object bcrypt_ext.bundle

current directory: /Users/welldev/my-app/vendor/bundle/ruby/3.4.0/gems/bcrypt-3.1.20/ext/mri
make DESTDIR\= sitearchdir\=./.gem.20251116-12660-tntel5 sitelibdir\=./.gem.20251116-12660-tntel5 install
/usr/bin/install -c -m 0755 bcrypt_ext.bundle ./.gem.20251116-12660-tntel5

current directory: /Users/welldev/my-app/vendor/bundle/ruby/3.4.0/gems/bcrypt-3.1.20/ext/mri
make DESTDIR\= sitearchdir\=./.gem.20251116-12660-tntel5 sitelibdir\=./.gem.20251116-12660-tntel5 clean
